
> frontend@0.0.0 build
> tsc -b && vite build

[36mvite v7.3.1 [32mbuilding client environment for production...[36m[39m
transforming...
[32mΓ£ô[39m 1765 modules transformed.
rendering chunks...
computing gzip size...
[2mdist/[22m[32mindex.html                 [39m[1m[2m  0.43 kB[22m[1m[22m[2m Γöé gzip:  0.29 kB[22m
[2mdist/[22m[35massets/index-BNql2Mee.css  [39m[1m[2m  2.70 kB[22m[1m[22m[2m Γöé gzip:  1.20 kB[22m
[2mdist/[22m[36massets/index-CSDB6DW7.js   [39m[1m[2m281.74 kB[22m[1m[22m[2m Γöé gzip: 88.55 kB[22m
[32mΓ£ô built in 6.36s[39m
